{"ts": "2026-03-10T11:04:18Z", "event": "server_start", "token": "", "detail": "9 users loaded", "status": "info"}
{"ts": "2026-03-10T11:13:36Z", "event": "server_start", "token": "", "detail": "9 users loaded", "status": "info"}
{"ts": "2026-03-10T11:14:16Z", "event": "server_start", "token": "", "detail": "9 users loaded", "status": "info"}
{"ts": "2026-03-10T11:30:09Z", "event": "server_start", "token": "", "detail": "10 users loaded", "status": "info"}
{"ts": "2026-03-10T11:30:45Z", "event": "claim_rejected", "token": "ZZZ", "detail": "Unknown token", "status": "error"}
{"ts": "2026-03-10T11:30:45Z", "event": "claim_queued", "token": "SCH", "detail": "Queue position 1", "status": "info"}
{"ts": "2026-03-10T11:30:45Z", "event": "claim_duplicate", "token": "SCH", "detail": "Already at position 1", "status": "warn"}
{"ts": "2026-03-10T11:30:45Z", "event": "sms_received", "token": "", "detail": "SMS arrived (5 chars)", "status": "info"}
{"ts": "2026-03-10T11:30:45Z", "event": "otp_delivered", "token": "SCH", "detail": "Sent to cschilling@initse.com", "status": "info"}
{"ts": "2026-03-10T11:30:46Z", "event": "claim_queued", "token": "SCH", "detail": "Queue position 1", "status": "info"}
{"ts": "2026-03-10T11:30:46Z", "event": "sms_received", "token": "", "detail": "SMS arrived (61 chars)", "status": "info"}
{"ts": "2026-03-10T11:30:46Z", "event": "otp_delivered", "token": "SCH", "detail": "Sent to cschilling@initse.com", "status": "info"}
{"ts": "2026-03-10T11:30:46Z", "event": "sms_rejected", "token": "", "detail": "Wrong secret token", "status": "error"}
{"ts": "2026-03-10T11:30:46Z", "event": "sms_received", "token": "", "detail": "SMS arrived (18 chars)", "status": "info"}
{"ts": "2026-03-10T11:30:50Z", "event": "sms_unmatched", "token": "", "detail": "No claimant \u2014 SMS not delivered", "status": "warn"}
{"ts": "2026-03-11T05:33:14Z", "event": "sms_received", "token": "", "detail": "SMS arrived (0 chars)", "status": "info"}
{"ts": "2026-03-11T05:33:18Z", "event": "sms_unmatched", "token": "", "detail": "No claimant \u2014 SMS not delivered", "status": "warn"}
{"ts": "2026-03-11T05:33:30Z", "event": "sms_received", "token": "", "detail": "SMS arrived (171 chars)", "status": "info"}
{"ts": "2026-03-11T05:33:34Z", "event": "sms_unmatched", "token": "", "detail": "No claimant \u2014 SMS not delivered", "status": "warn"}
{"ts": "2026-03-11T05:34:34Z", "event": "claim_queued", "token": "SCH", "detail": "Queue position 1", "status": "info"}
{"ts": "2026-03-11T05:34:43Z", "event": "sms_received", "token": "", "detail": "SMS arrived (171 chars)", "status": "info"}
{"ts": "2026-03-11T05:34:43Z", "event": "otp_delivered", "token": "SCH", "detail": "Sent to cschilling@initse.com", "status": "info"}
{"ts": "2026-03-11T05:39:05Z", "event": "claim_queued", "token": "SCH", "detail": "Queue position 1", "status": "info"}
{"ts": "2026-03-11T05:39:12Z", "event": "sms_received", "token": "", "detail": "SMS arrived (171 chars)", "status": "info"}
{"ts": "2026-03-11T05:39:12Z", "event": "otp_delivered", "token": "SCH", "detail": "Sent to cschilling@initse.com", "status": "info"}
{"ts": "2026-03-11T05:58:58Z", "event": "users_reloaded", "token": "", "detail": "74 users loaded", "status": "info"}
{"ts": "2026-03-11T05:59:03Z", "event": "users_reloaded", "token": "", "detail": "74 users loaded", "status": "info"}
{"ts": "2026-03-11T06:17:03Z", "event": "sms_received", "token": "", "detail": "SMS arrived (171 chars)", "status": "info"}
{"ts": "2026-03-11T06:17:07Z", "event": "sms_unmatched", "token": "", "detail": "No claimant \u2014 SMS not delivered", "status": "warn"}
{"ts": "2026-03-11T06:17:32Z", "event": "claim_rejected", "token": "SCH", "detail": "Unknown token", "status": "error"}
{"ts": "2026-03-11T06:18:38Z", "event": "users_reloaded", "token": "", "detail": "75 users loaded", "status": "info"}
{"ts": "2026-03-11T06:18:44Z", "event": "claim_queued", "token": "SCH", "detail": "Queue position 1", "status": "info"}
{"ts": "2026-03-11T06:18:52Z", "event": "sms_received", "token": "", "detail": "SMS arrived (171 chars)", "status": "info"}
{"ts": "2026-03-11T06:18:53Z", "event": "otp_delivered", "token": "SCH", "detail": "Sent to cschilling@initse.com", "status": "info"}
{"ts": "2026-03-11T06:26:47Z", "event": "import_skipped", "token": "KIRIL TONEV", "detail": "Row 13: token must be 2 or 3 characters, got 11 ('KIRIL TONEV')", "status": "warn"}
{"ts": "2026-03-11T06:26:47Z", "event": "import_complete", "token": "", "detail": "83 users loaded, 1 rows skipped \u2014 check import_skipped entries above", "status": "warn"}
{"ts": "2026-03-11T06:26:47Z", "event": "server_start", "token": "", "detail": "83 users loaded", "status": "info"}
{"ts": "2026-03-11T06:27:31Z", "event": "import_skipped", "token": "KIRIL TONEV", "detail": "Row 13: token must be 2 or 3 characters, got 11 ('KIRIL TONEV')", "status": "warn"}
{"ts": "2026-03-11T06:27:31Z", "event": "import_complete", "token": "", "detail": "83 users loaded, 1 rows skipped \u2014 check import_skipped entries above", "status": "warn"}
{"ts": "2026-03-11T06:27:31Z", "event": "users_reloaded", "token": "", "detail": "83 users loaded", "status": "info"}
{"ts": "2026-03-11T06:29:41Z", "event": "import_complete", "token": "", "detail": "84 users loaded, no issues", "status": "info"}
{"ts": "2026-03-11T06:29:41Z", "event": "users_reloaded", "token": "", "detail": "84 users loaded", "status": "info"}
{"ts": "2026-03-11T06:38:27Z", "event": "import_complete", "token": "", "detail": "85 users loaded, no issues", "status": "info"}
{"ts": "2026-03-11T06:38:27Z", "event": "users_reloaded", "token": "", "detail": "85 users loaded", "status": "info"}
{"ts": "2026-03-11T06:38:58Z", "event": "claim_queued", "token": "JPR", "detail": "Queue position 1", "status": "info"}
{"ts": "2026-03-11T06:39:11Z", "event": "sms_received", "token": "", "detail": "SMS arrived (171 chars)", "status": "info"}
{"ts": "2026-03-11T06:39:11Z", "event": "otp_delivered", "token": "JPR", "detail": "Sent to jprakash@initse.com", "status": "info"}
{"ts": "2026-03-11T07:15:06Z", "event": "claim_queued", "token": "SCH", "detail": "Queue position 1", "status": "info"}
{"ts": "2026-03-11T07:15:16Z", "event": "sms_received", "token": "", "detail": "SMS arrived (171 chars)", "status": "info"}
{"ts": "2026-03-11T07:15:16Z", "event": "otp_delivered", "token": "SCH", "detail": "Sent to cschilling@initse.com", "status": "info"}
{"ts": "2026-03-11T08:13:26Z", "event": "claim_queued", "token": "MKK", "detail": "Queue position 1", "status": "info"}
{"ts": "2026-03-11T08:20:04Z", "event": "claim_duplicate", "token": "MKK", "detail": "Already at position 1", "status": "warn"}
{"ts": "2026-03-11T08:22:58Z", "event": "claim_duplicate", "token": "MKK", "detail": "Already at position 1", "status": "warn"}
{"ts": "2026-03-11T08:23:03Z", "event": "sms_received", "token": "", "detail": "SMS arrived (171 chars)", "status": "info"}
{"ts": "2026-03-11T08:23:03Z", "event": "claim_expired", "token": "MKK", "detail": "No OTP arrived within 300s", "status": "warn"}
{"ts": "2026-03-11T08:23:07Z", "event": "sms_unmatched", "token": "", "detail": "No claimant \u2014 SMS not delivered", "status": "warn"}
{"ts": "2026-03-11T08:23:34Z", "event": "claim_queued", "token": "MKK", "detail": "Queue position 1", "status": "info"}
{"ts": "2026-03-11T08:23:50Z", "event": "sms_received", "token": "", "detail": "SMS arrived (171 chars)", "status": "info"}
{"ts": "2026-03-11T08:23:50Z", "event": "otp_delivered", "token": "MKK", "detail": "Sent to mknopf@initse.com", "status": "info"}
{"ts": "2026-03-11T08:52:04Z", "event": "claim_queued", "token": "SCH", "detail": "Queue position 1", "status": "info"}
{"ts": "2026-03-11T08:52:10Z", "event": "sms_received", "token": "", "detail": "SMS arrived (171 chars)", "status": "info"}
{"ts": "2026-03-11T08:52:11Z", "event": "otp_delivered", "token": "SCH", "detail": "Sent to cschilling@initse.com", "status": "info"}
{"ts": "2026-03-11T15:11:38Z", "event": "claim_queued", "token": "MRZ", "detail": "Queue position 1", "status": "info"}
{"ts": "2026-03-12T07:01:01Z", "event": "claim_expired", "token": "MRZ", "detail": "No OTP arrived within 300s", "status": "warn"}
{"ts": "2026-03-12T07:01:01Z", "event": "claim_queued", "token": "SCH", "detail": "Queue position 1", "status": "info"}
{"ts": "2026-03-12T07:08:44Z", "event": "sms_rejected", "token": "", "detail": "Wrong secret token", "status": "error"}
{"ts": "2026-03-12T07:08:57Z", "event": "sms_rejected", "token": "", "detail": "Wrong secret token", "status": "error"}
{"ts": "2026-03-12T07:10:21Z", "event": "sms_received", "token": "", "detail": "SMS arrived (47 chars)", "status": "info"}
{"ts": "2026-03-12T07:10:21Z", "event": "claim_expired", "token": "SCH", "detail": "No OTP arrived within 300s", "status": "warn"}
{"ts": "2026-03-12T07:10:25Z", "event": "sms_unmatched", "token": "", "detail": "No claimant \u2014 SMS not delivered", "status": "warn"}
{"ts": "2026-03-12T07:11:27Z", "event": "claim_queued", "token": "SCH", "detail": "Queue position 1", "status": "info"}
{"ts": "2026-03-12T07:11:30Z", "event": "sms_received", "token": "", "detail": "SMS arrived (47 chars)", "status": "info"}
{"ts": "2026-03-12T07:11:30Z", "event": "otp_delivered", "token": "SCH", "detail": "Sent to cschilling@initse.com", "status": "info"}
{"ts": "2026-03-13T04:14:04Z", "event": "claim_queued", "token": "SCH", "detail": "Queue position 1", "status": "info"}
{"ts": "2026-03-13T04:29:52Z", "event": "sms_received", "token": "", "detail": "SMS arrived (171 chars)", "status": "info"}
{"ts": "2026-03-13T04:29:52Z", "event": "claim_expired", "token": "SCH", "detail": "No OTP arrived within 300s", "status": "warn"}
{"ts": "2026-03-13T04:29:56Z", "event": "sms_unmatched", "token": "", "detail": "No claimant \u2014 SMS not delivered", "status": "warn"}
{"ts": "2026-03-13T04:30:08Z", "event": "claim_queued", "token": "SCH", "detail": "Queue position 1", "status": "info"}
{"ts": "2026-03-13T04:31:33Z", "event": "sms_received", "token": "", "detail": "SMS arrived (171 chars)", "status": "info"}
{"ts": "2026-03-13T04:31:33Z", "event": "otp_delivered", "token": "SCH", "detail": "Sent to cschilling@initse.com", "status": "info"}
{"ts": "2026-03-13T04:35:09Z", "event": "sms_received", "token": "", "detail": "SMS arrived (171 chars)", "status": "info"}
{"ts": "2026-03-13T04:35:13Z", "event": "sms_unmatched", "token": "", "detail": "No claimant \u2014 SMS not delivered", "status": "warn"}
{"ts": "2026-03-13T04:41:12Z", "event": "sms_received", "token": "", "detail": "SMS arrived (171 chars)", "status": "info"}
{"ts": "2026-03-13T04:41:16Z", "event": "sms_unmatched", "token": "", "detail": "No claimant \u2014 SMS not delivered", "status": "warn"}
{"ts": "2026-03-13T05:44:02Z", "event": "import_complete", "token": "", "detail": "85 users loaded, no issues", "status": "info"}
{"ts": "2026-03-13T05:44:02Z", "event": "server_start", "token": "", "detail": "85 users loaded", "status": "info"}
{"ts": "2026-03-13T05:46:12Z", "event": "import_complete", "token": "", "detail": "85 users loaded, no issues", "status": "info"}
{"ts": "2026-03-13T05:46:12Z", "event": "server_start", "token": "", "detail": "85 users loaded", "status": "info"}
